error: unexpected end of input, expected literal
 --> tests/ui/malformed/cut_off.rs:4:17
  |
4 | #[serde(rename =)]
  |                 ^
