error: unexpected literal in serde field attribute
 --> tests/ui/unexpected-literal/field.rs:5:13
  |
5 |     #[serde("literal")]
  |             ^^^^^^^^^
