error: unexpected literal in serde variant attribute
 --> tests/ui/unexpected-literal/variant.rs:5:13
  |
5 |     #[serde("literal")]
  |             ^^^^^^^^^
