error: at least one lifetime must be borrowed
 --> tests/ui/borrow/empty_lifetimes.rs:5:22
  |
5 |     #[serde(borrow = "")]
  |                      ^^
