error: #[serde(flatten)] cannot be used on newtype structs
 --> tests/ui/conflict/flatten-newtype-struct.rs:6:12
  |
6 | struct Foo(#[serde(flatten)] HashMap<String, String>);
  |            ^^^^^^^^^^^^^^^^^^^^^^^^^^^^^^^^^^^^^^^^^
